
> Task :compileJava
.\gradlew.bat : C:\Users\v87ja\OneDrive\Documents\Personales\Do
cumentos\Proyecto\ClinicaWebSW\backend-clinica-v2\src\main\java
\com\clinica\api\modules\usuarios\domain\Role.java:25: 
warning: @Builder will ignore the initializing expression 
entirely. If you want the initializing expression to serve as 
default, add @Builder.Default. If it is not supposed to be 
settable during building, make the field final.
En línea: 1 Carácter: 1
+ .\gradlew.bat classes > build_output.txt 2>&1
+ ~~~~~~~~~~~~~~~~~~~~~~~~~~~~~~~~~~~~~~~~~~~~~
    + CategoryInfo          : NotSpecified: (C:\Users\v87ja\.  
  ..he field final.:String) [], RemoteException
    + FullyQualifiedErrorId : NativeCommandError
 
    private boolean activo = true;
                    ^
C:\Users\v87ja\OneDrive\Documents\Personales\Documentos\Proyect
o\ClinicaWebSW\backend-clinica-v2\src\main\java\com\clinica\api
\modules\usuarios\domain\Usuario.java:46: warning: @Builder 
will ignore the initializing expression entirely. If you want 
the initializing expression to serve as default, add 
@Builder.Default. If it is not supposed to be settable during 
building, make the field final.
    private boolean activo = true;
                    ^
C:\Users\v87ja\OneDrive\Documents\Personales\Documentos\Proyect
o\ClinicaWebSW\backend-clinica-v2\src\main\java\com\clinica\api
\modules\usuarios\domain\Usuario.java:49: warning: @Builder 
will ignore the initializing expression entirely. If you want 
the initializing expression to serve as default, add 
@Builder.Default. If it is not supposed to be settable during 
building, make the field final.
    private Set<UsuarioRole> userRoles = new HashSet<>();
                             ^
C:\Users\v87ja\OneDrive\Documents\Personales\Documentos\Proyect
o\ClinicaWebSW\backend-clinica-v2\src\main\java\com\clinica\api
\modules\citas\domain\Cita.java:46: warning: @Builder will 
ignore the initializing expression entirely. If you want the 
initializing expression to serve as default, add 
@Builder.Default. If it is not supposed to be settable during 
building, make the field final.
    private String estado = "PENDIENTE"; // PENDIENTE, 
CANCELADA, COMPLETADA
                   ^
C:\Users\v87ja\OneDrive\Documents\Personales\Documentos\Proyect
o\ClinicaWebSW\backend-clinica-v2\src\main\java\com\clinica\api
\modules\usuarios\service\AuthService.java:72: error: cannot 
find symbol
            String username = 
generateUsernameSugerido(signUpRequest);
                              ^
  symbol:   method generateUsernameSugerido(SignupRequest)
  location: class AuthService
C:\Users\v87ja\OneDrive\Documents\Personales\Documentos\Proyect
o\ClinicaWebSW\backend-clinica-v2\src\main\java\com\clinica\api
\modules\usuarios\service\AuthService.java:105: error: cannot 
find symbol
            Set<UsuarioRole> userRoles = new HashSet<>();
                ^
  symbol:   class UsuarioRole
  location: class AuthService
C:\Users\v87ja\OneDrive\Documents\Personales\Documentos\Proyect
o\ClinicaWebSW\backend-clinica-v2\src\main\java\com\clinica\api
\modules\usuarios\service\AuthService.java:113: error: package 
UsuarioRole does not exist
                    .id(new 
UsuarioRole.UsuarioRoleId(user.getId(), medicoRole.getId()))
                                       ^
C:\Users\v87ja\OneDrive\Documents\Personales\Documentos\Proyect
o\ClinicaWebSW\backend-clinica-v2\src\main\java\com\clinica\api
\modules\usuarios\service\AuthService.java:112: error: cannot 
find symbol
                userRoles.add(UsuarioRole.builder()
                              ^
  symbol:   variable UsuarioRole
  location: class AuthService
C:\Users\v87ja\OneDrive\Documents\Personales\Documentos\Proyect
o\ClinicaWebSW\backend-clinica-v2\src\main\java\com\clinica\api
\modules\usuarios\service\AuthService.java:126: error: package 
UsuarioRole does not exist
                                .id(new 
UsuarioRole.UsuarioRoleId(user.getId(), adminRole.getId()))
                                                   ^
C:\Users\v87ja\OneDrive\Documents\Personales\Documentos\Proyect
o\ClinicaWebSW\backend-clinica-v2\src\main\java\com\clinica\api
\modules\usuarios\service\AuthService.java:125: error: cannot 
find symbol
                            userRoles.add(UsuarioRole.builder()
                                          ^
  symbol:   variable UsuarioRole
  location: class AuthService
6 errors
4 warnings

> Task :compileJava FAILED

FAILURE: Build failed with an exception.

* What went wrong:
Execution failed for task ':compileJava'.
> Compilation failed; see the compiler error output for 
details.

* Try:
> Run with --info option to get more log output.
> Run with --scan to get full insights.

BUILD FAILED in 3s
1 actionable task: 1 executed
