> Task :compileJava UP-TO-DATE
> Task :processResources UP-TO-DATE
> Task :classes UP-TO-DATE
> Task :compileTestJava UP-TO-DATE
> Task :processTestResources NO-SOURCE
> Task :testClasses UP-TO-DATE

> Task :test

JwtTest > testToken() FAILED
    java.lang.IllegalStateException at DefaultCacheAwareContextLoaderDelegate.java:180
        Caused by: org.springframework.beans.factory.UnsatisfiedDependencyException at ConstructorResolver.java:798
            Caused by: org.springframework.beans.factory.UnsatisfiedDependencyException at AutowiredAnnotationBeanPostProcessor.java:787
                Caused by: org.springframework.beans.factory.BeanCreationException at AbstractAutowireCapableBeanFactory.java:1786
                    Caused by: org.springframework.data.repository.query.QueryCreationException at QueryCreationException.java:101
                        Caused by: java.lang.IllegalArgumentException at PartTreeJpaQuery.java:106
                            Caused by: java.lang.IllegalArgumentException at AbstractManagedType.java:225
./gradlew : 
En línea: 1 Carácter: 1
+ ./gradlew test --tests com.clinica.api.JwtTest 
--stacktrace --console ...
+ ~~~~~~~~~~~~~~~~~~~~~~~~~~~~~~~~~~~~~~~~~~~~~~~~~~~~
~~~~~~~~~~~~~~~~~
    + CategoryInfo          : NotSpecified: (:String) 
[], Rem    oteException
    + FullyQualifiedErrorId : NativeCommandError
 
1 test completed, 1 failed

> Task :test FAILED

FAILURE: Build failed with an exception.

* What went wrong:
Execution failed for task ':test'.
> There were failing tests. See the report at: file://
/C:/Users/v87ja/OneDrive/Documents/Personales/Document
os/Proyecto/ClinicaWebSW/backend-clinica-v2/build/repo
rts/tests/test/index.html

* Try:
> Run with --scan to get full insights.

* Exception is:
org.gradle.api.tasks.TaskExecutionException: 
Execution failed for task ':test'.
	at org.gradle.api.internal.tasks.execution.ExecuteAct
ionsTaskExecuter.lambda$executeIfValid$1(ExecuteAction
sTaskExecuter.java:130)
	at org.gradle.internal.Try$Failure.ifSuccessfulOrElse
(Try.java:282)
	at org.gradle.api.internal.tasks.execution.ExecuteAct
ionsTaskExecuter.executeIfValid(ExecuteActionsTaskExec
uter.java:128)
	at org.gradle.api.internal.tasks.execution.ExecuteAct
ionsTaskExecuter.execute(ExecuteActionsTaskExecuter.ja
va:116)
	at org.gradle.api.internal.tasks.execution.FinalizePr
opertiesTaskExecuter.execute(FinalizePropertiesTaskExe
cuter.java:46)
	at org.gradle.api.internal.tasks.execution.ResolveTas
kExecutionModeExecuter.execute(ResolveTaskExecutionMod
eExecuter.java:51)
	at org.gradle.api.internal.tasks.execution.SkipTaskWi
thNoActionsExecuter.execute(SkipTaskWithNoActionsExecu
ter.java:57)
	at org.gradle.api.internal.tasks.execution.SkipOnlyIf
TaskExecuter.execute(SkipOnlyIfTaskExecuter.java:74)
	at org.gradle.api.internal.tasks.execution.CatchExcep
tionTaskExecuter.execute(CatchExceptionTaskExecuter.ja
va:36)
	at org.gradle.api.internal.tasks.execution.EventFirin
gTaskExecuter$1.executeTask(EventFiringTaskExecuter.ja
va:77)
	at org.gradle.api.internal.tasks.execution.EventFirin
gTaskExecuter$1.call(EventFiringTaskExecuter.java:55)
	at org.gradle.api.internal.tasks.execution.EventFirin
gTaskExecuter$1.call(EventFiringTaskExecuter.java:52)
	at org.gradle.internal.operations.DefaultBuildOperati
onRunner$CallableBuildOperationWorker.execute(DefaultB
uildOperationRunner.java:200)
	at org.gradle.internal.operations.DefaultBuildOperati
onRunner$CallableBuildOperationWorker.execute(DefaultB
uildOperationRunner.java:195)
	at org.gradle.internal.operations.DefaultBuildOperati
onRunner$2.execute(DefaultBuildOperationRunner.java:66
)
	at org.gradle.internal.operations.DefaultBuildOperati
onRunner$2.execute(DefaultBuildOperationRunner.java:59
)
	at org.gradle.internal.operations.DefaultBuildOperati
onRunner.execute(DefaultBuildOperationRunner.java:157)
	at org.gradle.internal.operations.DefaultBuildOperati
onRunner.execute(DefaultBuildOperationRunner.java:59)
	at org.gradle.internal.operations.DefaultBuildOperati
onRunner.call(DefaultBuildOperationRunner.java:53)
	at org.gradle.internal.operations.DefaultBuildOperati
onExecutor.call(DefaultBuildOperationExecutor.java:73)
	at org.gradle.api.internal.tasks.execution.EventFirin
gTaskExecuter.execute(EventFiringTaskExecuter.java:52)
	at org.gradle.execution.plan.LocalTaskNodeExecutor.ex
ecute(LocalTaskNodeExecutor.java:42)
	at org.gradle.execution.taskgraph.DefaultTaskExecutio
nGraph$InvokeNodeExecutorsAction.execute(DefaultTaskEx
ecutionGraph.java:331)
	at org.gradle.execution.taskgraph.DefaultTaskExecutio
nGraph$InvokeNodeExecutorsAction.execute(DefaultTaskEx
ecutionGraph.java:318)
	at org.gradle.execution.taskgraph.DefaultTaskExecutio
nGraph$BuildOperationAwareExecutionAction.lambda$execu
te$0(DefaultTaskExecutionGraph.java:314)
	at org.gradle.internal.operations.CurrentBuildOperati
onRef.with(CurrentBuildOperationRef.java:80)
	at org.gradle.execution.taskgraph.DefaultTaskExecutio
nGraph$BuildOperationAwareExecutionAction.execute(Defa
ultTaskExecutionGraph.java:314)
	at org.gradle.execution.taskgraph.DefaultTaskExecutio
nGraph$BuildOperationAwareExecutionAction.execute(Defa
ultTaskExecutionGraph.java:303)
	at org.gradle.execution.plan.DefaultPlanExecutor$Exec
utorWorker.execute(DefaultPlanExecutor.java:463)
	at org.gradle.execution.plan.DefaultPlanExecutor$Exec
utorWorker.run(DefaultPlanExecutor.java:380)
	at org.gradle.internal.concurrent.ExecutorPolicy$Catc
hAndRecordFailures.onExecute(ExecutorPolicy.java:64)
	at org.gradle.internal.concurrent.AbstractManagedExec
utor$1.run(AbstractManagedExecutor.java:47)
Caused by: org.gradle.api.internal.exceptions.MarkedVe
rificationException: There were failing tests. See 
the report at: file:///C:/Users/v87ja/OneDrive/Documen
ts/Personales/Documentos/Proyecto/ClinicaWebSW/backend
-clinica-v2/build/reports/tests/test/index.html
	at org.gradle.api.tasks.testing.AbstractTestTask.hand
leTestFailures(AbstractTestTask.java:691)
	at org.gradle.api.tasks.testing.AbstractTestTask.hand
leCollectedResults(AbstractTestTask.java:533)
	at org.gradle.api.tasks.testing.AbstractTestTask.exec
uteTests(AbstractTestTask.java:528)
	at org.gradle.api.tasks.testing.Test.executeTests(Tes
t.java:715)
	at java.base/jdk.internal.reflect.DirectMethodHandleA
ccessor.invoke(DirectMethodHandleAccessor.java:103)
	at org.gradle.internal.reflect.JavaMethod.invoke(Java
Method.java:125)
	at org.gradle.api.internal.project.taskfactory.Standa
rdTaskAction.doExecute(StandardTaskAction.java:58)
	at org.gradle.api.internal.project.taskfactory.Standa
rdTaskAction.execute(StandardTaskAction.java:51)
	at org.gradle.api.internal.project.taskfactory.Standa
rdTaskAction.execute(StandardTaskAction.java:29)
	at org.gradle.api.internal.tasks.execution.TaskExecut
ion$3.run(TaskExecution.java:244)
	at org.gradle.internal.operations.DefaultBuildOperati
onRunner$1.execute(DefaultBuildOperationRunner.java:29
)
	at org.gradle.internal.operations.DefaultBuildOperati
onRunner$1.execute(DefaultBuildOperationRunner.java:26
)
	at org.gradle.internal.operations.DefaultBuildOperati
onRunner$2.execute(DefaultBuildOperationRunner.java:66
)
	at org.gradle.internal.operations.DefaultBuildOperati
onRunner$2.execute(DefaultBuildOperationRunner.java:59
)
	at org.gradle.internal.operations.DefaultBuildOperati
onRunner.execute(DefaultBuildOperationRunner.java:157)
	at org.gradle.internal.operations.DefaultBuildOperati
onRunner.execute(DefaultBuildOperationRunner.java:59)
	at org.gradle.internal.operations.DefaultBuildOperati
onRunner.run(DefaultBuildOperationRunner.java:47)
	at org.gradle.internal.operations.DefaultBuildOperati
onExecutor.run(DefaultBuildOperationExecutor.java:68)
	at org.gradle.api.internal.tasks.execution.TaskExecut
ion.executeAction(TaskExecution.java:229)
	at org.gradle.api.internal.tasks.execution.TaskExecut
ion.executeActions(TaskExecution.java:212)
	at org.gradle.api.internal.tasks.execution.TaskExecut
ion.executeWithPreviousOutputFiles(TaskExecution.java:
195)
	at org.gradle.api.internal.tasks.execution.TaskExecut
ion.execute(TaskExecution.java:162)
	at org.gradle.internal.execution.steps.ExecuteStep.ex
ecuteInternal(ExecuteStep.java:105)
	at org.gradle.internal.execution.steps.ExecuteStep.ac
cess$000(ExecuteStep.java:44)
	at org.gradle.internal.execution.steps.ExecuteStep$1.
call(ExecuteStep.java:59)
	at org.gradle.internal.execution.steps.ExecuteStep$1.
call(ExecuteStep.java:56)
	at org.gradle.internal.operations.DefaultBuildOperati
onRunner$CallableBuildOperationWorker.execute(DefaultB
uildOperationRunner.java:200)
	at org.gradle.internal.operations.DefaultBuildOperati
onRunner$CallableBuildOperationWorker.execute(DefaultB
uildOperationRunner.java:195)
	at org.gradle.internal.operations.DefaultBuildOperati
onRunner$2.execute(DefaultBuildOperationRunner.java:66
)
	at org.gradle.internal.operations.DefaultBuildOperati
onRunner$2.execute(DefaultBuildOperationRunner.java:59
)
	at org.gradle.internal.operations.DefaultBuildOperati
onRunner.execute(DefaultBuildOperationRunner.java:157)
	at org.gradle.internal.operations.DefaultBuildOperati
onRunner.execute(DefaultBuildOperationRunner.java:59)
	at org.gradle.internal.operations.DefaultBuildOperati
onRunner.call(DefaultBuildOperationRunner.java:53)
	at org.gradle.internal.operations.DefaultBuildOperati
onExecutor.call(DefaultBuildOperationExecutor.java:73)
	at org.gradle.internal.execution.steps.ExecuteStep.ex
ecute(ExecuteStep.java:56)
	at org.gradle.internal.execution.steps.ExecuteStep.ex
ecute(ExecuteStep.java:44)
	at org.gradle.internal.execution.steps.CancelExecutio
nStep.execute(CancelExecutionStep.java:41)
	at org.gradle.internal.execution.steps.TimeoutStep.ex
ecuteWithoutTimeout(TimeoutStep.java:74)
	at org.gradle.internal.execution.steps.TimeoutStep.ex
ecute(TimeoutStep.java:55)
	at org.gradle.internal.execution.steps.PreCreateOutpu
tParentsStep.execute(PreCreateOutputParentsStep.java:5
0)
	at org.gradle.internal.execution.steps.PreCreateOutpu
tParentsStep.execute(PreCreateOutputParentsStep.java:2
8)
	at org.gradle.internal.execution.steps.RemovePrevious
OutputsStep.execute(RemovePreviousOutputsStep.java:67)
	at org.gradle.internal.execution.steps.RemovePrevious
OutputsStep.execute(RemovePreviousOutputsStep.java:37)
	at org.gradle.internal.execution.steps.BroadcastChang
ingOutputsStep.execute(BroadcastChangingOutputsStep.ja
va:61)
	at org.gradle.internal.execution.steps.BroadcastChang
ingOutputsStep.execute(BroadcastChangingOutputsStep.ja
va:26)
	at org.gradle.internal.execution.steps.CaptureOutputs
AfterExecutionStep.execute(CaptureOutputsAfterExecutio
nStep.java:67)
	at org.gradle.internal.execution.steps.CaptureOutputs
AfterExecutionStep.execute(CaptureOutputsAfterExecutio
nStep.java:45)
	at org.gradle.internal.execution.steps.ResolveInputCh
angesStep.execute(ResolveInputChangesStep.java:40)
	at org.gradle.internal.execution.steps.ResolveInputCh
angesStep.execute(ResolveInputChangesStep.java:29)
	at org.gradle.internal.execution.steps.BuildCacheStep
.executeWithoutCache(BuildCacheStep.java:189)
	at org.gradle.internal.execution.steps.BuildCacheStep
.lambda$execute$1(BuildCacheStep.java:75)
	at 
org.gradle.internal.Either$Right.fold(Either.java:175)
	at org.gradle.internal.execution.caching.CachingState
.fold(CachingState.java:62)
	at org.gradle.internal.execution.steps.BuildCacheStep
.execute(BuildCacheStep.java:73)
	at org.gradle.internal.execution.steps.BuildCacheStep
.execute(BuildCacheStep.java:48)
	at org.gradle.internal.execution.steps.StoreExecution
StateStep.execute(StoreExecutionStateStep.java:46)
	at org.gradle.internal.execution.steps.StoreExecution
StateStep.execute(StoreExecutionStateStep.java:35)
	at org.gradle.internal.execution.steps.SkipUpToDateSt
ep.executeBecause(SkipUpToDateStep.java:76)
	at org.gradle.internal.execution.steps.SkipUpToDateSt
ep.lambda$execute$2(SkipUpToDateStep.java:54)
	at org.gradle.internal.execution.steps.SkipUpToDateSt
ep.execute(SkipUpToDateStep.java:54)
	at org.gradle.internal.execution.steps.SkipUpToDateSt
ep.execute(SkipUpToDateStep.java:36)
	at org.gradle.internal.execution.steps.legacy.MarkSna
pshottingInputsFinishedStep.execute(MarkSnapshottingIn
putsFinishedStep.java:37)
	at org.gradle.internal.execution.steps.legacy.MarkSna
pshottingInputsFinishedStep.execute(MarkSnapshottingIn
putsFinishedStep.java:27)
	at org.gradle.internal.execution.steps.ResolveIncreme
ntalCachingStateStep.executeDelegate(ResolveIncrementa
lCachingStateStep.java:49)
	at org.gradle.internal.execution.steps.ResolveIncreme
ntalCachingStateStep.executeDelegate(ResolveIncrementa
lCachingStateStep.java:27)
	at org.gradle.internal.execution.steps.AbstractResolv
eCachingStateStep.execute(AbstractResolveCachingStateS
tep.java:71)
	at org.gradle.internal.execution.steps.AbstractResolv
eCachingStateStep.execute(AbstractResolveCachingStateS
tep.java:39)
	at org.gradle.internal.execution.steps.ResolveChanges
Step.execute(ResolveChangesStep.java:65)
	at org.gradle.internal.execution.steps.ResolveChanges
Step.execute(ResolveChangesStep.java:36)
	at org.gradle.internal.execution.steps.ValidateStep.e
xecute(ValidateStep.java:106)
	at org.gradle.internal.execution.steps.ValidateStep.e
xecute(ValidateStep.java:55)
	at org.gradle.internal.execution.steps.AbstractCaptur
eStateBeforeExecutionStep.execute(AbstractCaptureState
BeforeExecutionStep.java:64)
	at org.gradle.internal.execution.steps.AbstractCaptur
eStateBeforeExecutionStep.execute(AbstractCaptureState
BeforeExecutionStep.java:43)
	at org.gradle.internal.execution.steps.AbstractSkipEm
ptyWorkStep.executeWithNonEmptySources(AbstractSkipEmp
tyWorkStep.java:125)
	at org.gradle.internal.execution.steps.AbstractSkipEm
ptyWorkStep.execute(AbstractSkipEmptyWorkStep.java:61)
	at org.gradle.internal.execution.steps.AbstractSkipEm
ptyWorkStep.execute(AbstractSkipEmptyWorkStep.java:36)
	at org.gradle.internal.execution.steps.legacy.MarkSna
pshottingInputsStartedStep.execute(MarkSnapshottingInp
utsStartedStep.java:38)
	at org.gradle.internal.execution.steps.LoadPreviousEx
ecutionStateStep.execute(LoadPreviousExecutionStateSte
p.java:36)
	at org.gradle.internal.execution.steps.LoadPreviousEx
ecutionStateStep.execute(LoadPreviousExecutionStateSte
p.java:23)
	at org.gradle.internal.execution.steps.HandleStaleOut
putsStep.execute(HandleStaleOutputsStep.java:75)
	at org.gradle.internal.execution.steps.HandleStaleOut
putsStep.execute(HandleStaleOutputsStep.java:41)
	at org.gradle.internal.execution.steps.AssignMutableW
orkspaceStep.lambda$execute$0(AssignMutableWorkspaceSt
ep.java:35)
	at org.gradle.api.internal.tasks.execution.TaskExecut
ion$4.withWorkspace(TaskExecution.java:289)
	at org.gradle.internal.execution.steps.AssignMutableW
orkspaceStep.execute(AssignMutableWorkspaceStep.java:3
1)
	at org.gradle.internal.execution.steps.AssignMutableW
orkspaceStep.execute(AssignMutableWorkspaceStep.java:2
2)
	at org.gradle.internal.execution.steps.ChoosePipeline
Step.execute(ChoosePipelineStep.java:40)
	at org.gradle.internal.execution.steps.ChoosePipeline
Step.execute(ChoosePipelineStep.java:23)
	at org.gradle.internal.execution.steps.ExecuteWorkBui
ldOperationFiringStep.lambda$execute$2(ExecuteWorkBuil
dOperationFiringStep.java:67)
	at org.gradle.internal.execution.steps.ExecuteWorkBui
ldOperationFiringStep.execute(ExecuteWorkBuildOperatio
nFiringStep.java:67)
	at org.gradle.internal.execution.steps.ExecuteWorkBui
ldOperationFiringStep.execute(ExecuteWorkBuildOperatio
nFiringStep.java:39)
	at org.gradle.internal.execution.steps.IdentityCacheS
tep.execute(IdentityCacheStep.java:46)
	at org.gradle.internal.execution.steps.IdentityCacheS
tep.execute(IdentityCacheStep.java:34)
	at org.gradle.internal.execution.steps.IdentifyStep.e
xecute(IdentifyStep.java:48)
	at org.gradle.internal.execution.steps.IdentifyStep.e
xecute(IdentifyStep.java:35)
	at org.gradle.internal.execution.impl.DefaultExecutio
nEngine$1.execute(DefaultExecutionEngine.java:61)
	at org.gradle.api.internal.tasks.execution.ExecuteAct
ionsTaskExecuter.executeIfValid(ExecuteActionsTaskExec
uter.java:127)
	at org.gradle.api.internal.tasks.execution.ExecuteAct
ionsTaskExecuter.execute(ExecuteActionsTaskExecuter.ja
va:116)
	at org.gradle.api.internal.tasks.execution.FinalizePr
opertiesTaskExecuter.execute(FinalizePropertiesTaskExe
cuter.java:46)
	at org.gradle.api.internal.tasks.execution.ResolveTas
kExecutionModeExecuter.execute(ResolveTaskExecutionMod
eExecuter.java:51)
	at org.gradle.api.internal.tasks.execution.SkipTaskWi
thNoActionsExecuter.execute(SkipTaskWithNoActionsExecu
ter.java:57)
	at org.gradle.api.internal.tasks.execution.SkipOnlyIf
TaskExecuter.execute(SkipOnlyIfTaskExecuter.java:74)
	at org.gradle.api.internal.tasks.execution.CatchExcep
tionTaskExecuter.execute(CatchExceptionTaskExecuter.ja
va:36)
	at org.gradle.api.internal.tasks.execution.EventFirin
gTaskExecuter$1.executeTask(EventFiringTaskExecuter.ja
va:77)
	at org.gradle.api.internal.tasks.execution.EventFirin
gTaskExecuter$1.call(EventFiringTaskExecuter.java:55)
	at org.gradle.api.internal.tasks.execution.EventFirin
gTaskExecuter$1.call(EventFiringTaskExecuter.java:52)
	at org.gradle.internal.operations.DefaultBuildOperati
onRunner$CallableBuildOperationWorker.execute(DefaultB
uildOperationRunner.java:200)
	at org.gradle.internal.operations.DefaultBuildOperati
onRunner$CallableBuildOperationWorker.execute(DefaultB
uildOperationRunner.java:195)
	at org.gradle.internal.operations.DefaultBuildOperati
onRunner$2.execute(DefaultBuildOperationRunner.java:66
)
	at org.gradle.internal.operations.DefaultBuildOperati
onRunner$2.execute(DefaultBuildOperationRunner.java:59
)
	at org.gradle.internal.operations.DefaultBuildOperati
onRunner.execute(DefaultBuildOperationRunner.java:157)
	at org.gradle.internal.operations.DefaultBuildOperati
onRunner.execute(DefaultBuildOperationRunner.java:59)
	at org.gradle.internal.operations.DefaultBuildOperati
onRunner.call(DefaultBuildOperationRunner.java:53)
	at org.gradle.internal.operations.DefaultBuildOperati
onExecutor.call(DefaultBuildOperationExecutor.java:73)
	at org.gradle.api.internal.tasks.execution.EventFirin
gTaskExecuter.execute(EventFiringTaskExecuter.java:52)
	at org.gradle.execution.plan.LocalTaskNodeExecutor.ex
ecute(LocalTaskNodeExecutor.java:42)
	at org.gradle.execution.taskgraph.DefaultTaskExecutio
nGraph$InvokeNodeExecutorsAction.execute(DefaultTaskEx
ecutionGraph.java:331)
	at org.gradle.execution.taskgraph.DefaultTaskExecutio
nGraph$InvokeNodeExecutorsAction.execute(DefaultTaskEx
ecutionGraph.java:318)
	at org.gradle.execution.taskgraph.DefaultTaskExecutio
nGraph$BuildOperationAwareExecutionAction.lambda$execu
te$0(DefaultTaskExecutionGraph.java:314)
	at org.gradle.internal.operations.CurrentBuildOperati
onRef.with(CurrentBuildOperationRef.java:80)
	at org.gradle.execution.taskgraph.DefaultTaskExecutio
nGraph$BuildOperationAwareExecutionAction.execute(Defa
ultTaskExecutionGraph.java:314)
	at org.gradle.execution.taskgraph.DefaultTaskExecutio
nGraph$BuildOperationAwareExecutionAction.execute(Defa
ultTaskExecutionGraph.java:303)
	at org.gradle.execution.plan.DefaultPlanExecutor$Exec
utorWorker.execute(DefaultPlanExecutor.java:463)
	at org.gradle.execution.plan.DefaultPlanExecutor$Exec
utorWorker.run(DefaultPlanExecutor.java:380)
	at org.gradle.internal.concurrent.ExecutorPolicy$Catc
hAndRecordFailures.onExecute(ExecutorPolicy.java:64)
	at org.gradle.internal.concurrent.AbstractManagedExec
utor$1.run(AbstractManagedExecutor.java:47)


Deprecated Gradle features were used in this build, making it incompatible with Gradle 9.0.

You can use '--warning-mode all' to show the individual deprecation warnings and determine if they come from your own scripts or plugins.

For more on this, please refer to https://docs.gradle.org/8.7/userguide/command_line_interface.html#sec:command_line_warnings in the Gradle documentation.

BUILD FAILED in 6s
4 actionable tasks: 1 executed, 3 up-to-date
